// Jest Snapshot v1, https://goo.gl/fbAQLP

exports[`should render ExpenseListItem with expenses 1`] = `
<div>
  <div
    key="0"
  >
    <h3>
      Gum
    </h3>
    <p>
      Amount: 
      $3.88
    </p>
    <p>
      CreatedAt: 
      01 1st, 1970
    </p>
    <button
      onClick={[Function]}
    >
      Remove
    </button>
    <Link
      replace={false}
      to="/edit/1"
    >
      Edit
    </Link>
  </div>
  <div
    key="1"
  >
    <h3>
      Rent
    </h3>
    <p>
      Amount: 
      $1,999.95
    </p>
    <p>
      CreatedAt: 
      12 28th, 1969
    </p>
    <button
      onClick={[Function]}
    >
      Remove
    </button>
    <Link
      replace={false}
      to="/edit/2"
    >
      Edit
    </Link>
  </div>
  <div
    key="2"
  >
    <h3>
      Credit Card
    </h3>
    <p>
      Amount: 
      $30.00
    </p>
    <p>
      CreatedAt: 
      01 5th, 1970
    </p>
    <button
      onClick={[Function]}
    >
      Remove
    </button>
    <Link
      replace={false}
      to="/edit/3"
    >
      Edit
    </Link>
  </div>
</div>
`;
